eeschema (2012-apr-16-27)-stable  >> Creation date: Sun 19 May 2013 09:13:56 AM CEST

#Cmp ( order = Reference )
| 3V1        LD1117      
| 5V1        7805        
| AJ1        AUDIO_JACK  
| AJ2        AUDIO_JACK  
| C1         100nF       
| C2         100nF       
| C3         100nF       
| C4         CERB40      
| C5         100nF       
| C6         220         
| C7         100nF       
| C8         100nF       
| C9         220         
| C10        100nF       
| C11        100nF       
| C12        220         
| C13        100uF       
| C14        100nF       
| C15        1nF         
| C16        1nF         
| C17        3.3nF       
| C18        3.3nF       
| C19        100nF       
| C20        10uF        
| C21        10uF        
| C23        100uF       
| D1         DIODE       
| D2         LED         
| DAC1       MCP4922     
| DAC2       MCP4922     
| DC1        DC          
| Enc1       ENCODER     
| Enc2       ENCODER     
| Enc3       ENCODER     
| Enc4       ENCODER     
| IC1        74HC165N    
| IC2        74HC165N    
| J1         USB_1       
| L1         INDUCTOR    
| LCD1       Disp 20x4   
| Midi1      Midi In     
| Midi2      Midi Out    
| OC1        6N137       
| op1        MC33202     
| P1         CONN_5      
| P2         CONN_6      
| P3         CONN_5      
| P4         CONN_1      
| P5         CONN_1      
| P6         CONN_1      
| P7         CONN_1      
| P8         CONN_2      
| POT1       10k         
| R1         220         
| R2         220         
| R3         220         
| R4         10k         
| R5         10k         
| R7         1.8k        
| R8         115k        
| R9         1.8k        
| R10        115k        
| R11        68          
| R12        8.2k        
| R13        8.2k        
| R14        68          
| R15        68          
| R16        1M          
| R17        1M          
| R18        220         
| RR1        RR10k       
| RR2        RR10k       
| RV1        10k         
| S1         SWITCH      
| S2         SWITCH      
| S3         SWITCH      
| S4         SWITCH      
| S5         SWITCH      
| S6         SWITCH      
| S7         SWITCH      
| SW1        SW          
| U1         USB_2       
| U2         USB_2       
#End Cmp

#Cmp ( order = Value )
| 1.8k         R7        
| 1.8k         R9        
| 100nF        C1        
| 100nF        C2        
| 100nF        C3        
| 100nF        C5        
| 100nF        C7        
| 100nF        C8        
| 100nF        C10       
| 100nF        C11       
| 100nF        C14       
| 100nF        C19       
| 100uF        C13       
| 100uF        C23       
| 10k          POT1      
| 10k          R4        
| 10k          R5        
| 10k          RV1       
| 10uF         C20       
| 10uF         C21       
| 115k         R8        
| 115k         R10       
| 1M           R16       
| 1M           R17       
| 1nF          C15       
| 1nF          C16       
| 220          C6        
| 220          C9        
| 220          C12       
| 220          R1        
| 220          R2        
| 220          R3        
| 220          R18       
| 3.3nF        C17       
| 3.3nF        C18       
| 68           R11       
| 68           R14       
| 68           R15       
| 6N137        OC1       
| 74HC165N     IC1       
| 74HC165N     IC2       
| 7805         5V1       
| 8.2k         R12       
| 8.2k         R13       
| AUDIO_JACK   AJ1       
| AUDIO_JACK   AJ2       
| CERB40       C4        
| CONN_1       P4        
| CONN_1       P5        
| CONN_1       P6        
| CONN_1       P7        
| CONN_2       P8        
| CONN_5       P1        
| CONN_5       P3        
| CONN_6       P2        
| DC           DC1       
| DIODE        D1        
| Disp 20x4    LCD1      
| ENCODER      Enc1      
| ENCODER      Enc2      
| ENCODER      Enc3      
| ENCODER      Enc4      
| INDUCTOR     L1        
| LD1117       3V1       
| LED          D2        
| MC33202      op1       
| MCP4922      DAC1      
| MCP4922      DAC2      
| Midi In      Midi1     
| Midi Out     Midi2     
| RR10k        RR1       
| RR10k        RR2       
| SW           SW1       
| SWITCH       S1        
| SWITCH       S2        
| SWITCH       S3        
| SWITCH       S4        
| SWITCH       S5        
| SWITCH       S6        
| SWITCH       S7        
| USB_1        J1        
| USB_2        U1        
| USB_2        U2        
#End Cmp

#End List
